I'm sorry, but errors were detected in your script. Please correct the
errors listed below, and try again.


File "game/script.rpy", line 754: Only one say menuitem may exist per menu.
    nvle "¿Voy con Adara?"
                          ^

Ren'Py Version: Ren'Py 8.3.7.25031702
Thu Jul 31 17:50:48 2025
